1784476126 open %15 personal 0
1784476126 open %1 personal 0
1784476126 open %24 personal 0
1784476126 open %19 personal 0
1784476126 open %5 personal 0
1784476126 open %13 personal 0
1784476126 open %14 personal 0
1784476126 open %2 personal 0
1784476126 open %25 personal 0
1784476126 open %9 personal 0
1784476126 open %17 personal 0
1784476126 open %26 personal 0
1784476126 open %3 personal 0
1784476126 open %16 personal 0
1784476126 open %0 personal 0
1784476126 open %7 personal 0
1784476126 open %4 personal 0
1784476126 open %29 personal 0
1784483114 open %31 personal 0
1784483114 open %30 personal 0
1784484329 open 9c2fe858-e885-4579-8f44-8d09c3b27131 personal 0
1784484329 open 1f435601-6897-4f97-bac8-7aa790d1ad32 personal 0
1784484329 open d425a019-4dd3-4a81-9e9c-b1cc4d7ed630 personal 0
1784484329 open 6733c11e-c685-4217-a8e2-08d630dfdfe4 personal 0
1784484329 open 37f5430c-3b42-43ff-8c64-0c3a0c6f08d9 personal 0
1784484329 open 9e1b8d42-28d9-4094-88d7-041b84ee7e0f personal 0
1784484329 open 9272c5f1-6c76-48cf-b041-40a1497b5d1f personal 0
1784484329 open 1155a809-83d2-4dd9-a204-80eb220ff289 personal 0
1784484329 open 3f8f4453-b587-45d9-95a7-41a13da6b8f4 personal 0
1784484329 open b3478087-01ef-4352-a02c-d1d6b906374d personal 0
1784484329 open 193098a0-0df6-482c-b6e2-59c2fcb475e9 personal 0
1784484329 open 4526190e-561b-4617-b418-1e68d8f1c734 personal 0
1784484329 open c4838672-3f20-43fa-8362-14ba1fb3bbce personal 0
1784484329 open 8f376557-2dd8-4f1c-a09a-95dbaec0e3ea personal 0
1784484329 open 91169334-e0fe-4a61-86b6-ad7d555d4b8a personal 0
1784484329 open b1b08d5d-aa27-42f2-a45f-19f484e2d7db personal 0
1784484329 open 219f7612-94bc-4042-ba74-027326a6961c personal 0
1784484329 open 429cda77-bf06-4a9d-b5d2-cf685530eb9d personal 0
1784484329 close %15 personal 136
1784484329 close %1 personal 136
1784484329 close %24 personal 136
1784484329 close %31 personal 20
1784484329 close %19 personal 136
1784484329 close %5 personal 136
1784484329 close %13 personal 136
1784484329 close %14 personal 136
1784484329 close %2 personal 136
1784484329 close %25 personal 136
1784484329 close %9 personal 136
1784484329 close %30 personal 20
1784484329 close %17 personal 136
1784484329 close %26 personal 136
1784484329 close %3 personal 136
1784484329 close %16 personal 136
1784484329 close %0 personal 136
1784484329 close %7 personal 136
1784484329 close %4 personal 136
1784484329 close %29 personal 136
1784493089 open e3711a40-8ec4-4867-9220-36e195ccd966 personal 0
1784528369 close e3711a40-8ec4-4867-9220-36e195ccd966 personal 588
1784533409 open %34 personal 0
1784534669 open 209ad216-31fd-45d5-aa58-744975cdaaa8 personal 0
1784534669 close %34 personal 21
1784543489 close 9c2fe858-e885-4579-8f44-8d09c3b27131 personal 986
1784543489 close 209ad216-31fd-45d5-aa58-744975cdaaa8 personal 147
1784543489 close 37f5430c-3b42-43ff-8c64-0c3a0c6f08d9 personal 986
1784543489 close 1155a809-83d2-4dd9-a204-80eb220ff289 personal 986
1784543489 close b1b08d5d-aa27-42f2-a45f-19f484e2d7db personal 986
1784547269 close 4526190e-561b-4617-b418-1e68d8f1c734 personal 1049
1784548474 close 6733c11e-c685-4217-a8e2-08d630dfdfe4 personal 1069
1784548474 close 9e1b8d42-28d9-4094-88d7-041b84ee7e0f personal 1069
1784548474 close 9272c5f1-6c76-48cf-b041-40a1497b5d1f personal 1069
1784548474 close 91169334-e0fe-4a61-86b6-ad7d555d4b8a personal 1069
1784548474 close 219f7612-94bc-4042-ba74-027326a6961c personal 1069
1784549432 close 1f435601-6897-4f97-bac8-7aa790d1ad32 personal 1085
1784549432 close 3f8f4453-b587-45d9-95a7-41a13da6b8f4 personal 1085
1784549432 close b3478087-01ef-4352-a02c-d1d6b906374d personal 1085
1784549432 close c4838672-3f20-43fa-8362-14ba1fb3bbce personal 1085
1784549432 close 8f376557-2dd8-4f1c-a09a-95dbaec0e3ea personal 1085
1784549432 close 429cda77-bf06-4a9d-b5d2-cf685530eb9d personal 1085
1784550929 open 4526190e-561b-4617-b418-1e68d8f1c734 personal 0
1784550929 close d425a019-4dd3-4a81-9e9c-b1cc4d7ed630 personal 1110
1784555969 open %36 personal 0
1784557229 open 2862d510-ab46-4ecc-8a75-1f8d7cf7b2c4 personal 0
1784557229 close %36 personal 21
1784570969 open 2e60632b-4255-44ad-a082-ed0e917f2a91 personal 0
1784616149 close 2e60632b-4255-44ad-a082-ed0e917f2a91 personal 753
1784637569 open 9d2c8ed1-e877-42fc-b909-8b986cbe0245 personal 0
1784637569 close 2862d510-ab46-4ecc-8a75-1f8d7cf7b2c4 personal 1339
1784724509 close 4526190e-561b-4617-b418-1e68d8f1c734 personal 2893
1784791169 open 5a450a5c-cce9-4c0f-9e66-97fa04a4c0b6 personal 0
1784810069 open %43 personal 0
1784811296 open a1782afd-84f4-4231-8e99-2f5e8855cbcb personal 0
1784811296 close %43 personal 20
1784841291 open %1 personal 0
1784841291 open %0 personal 0
1784841291 close 5a450a5c-cce9-4c0f-9e66-97fa04a4c0b6 personal 835
1784841291 close 193098a0-0df6-482c-b6e2-59c2fcb475e9 personal 5949
1784841291 close 9d2c8ed1-e877-42fc-b909-8b986cbe0245 personal 3395
1784841291 close a1782afd-84f4-4231-8e99-2f5e8855cbcb personal 499
1784848599 open 193098a0-0df6-482c-b6e2-59c2fcb475e9 personal 0
1784848599 open %4 personal 0
1784848599 open 193098a0-0df6-482c-b6e2-59c2fcb475e9 personal 0
1784848599 open %4 personal 0
1784849760 open b211d20a-be47-46cb-b278-55ee34feeee4 personal 0
1784849760 close 193098a0-0df6-482c-b6e2-59c2fcb475e9 personal 19
1784849760 close %4 personal 19
1784850960 open 26c89231-4090-427a-9b0b-b18c737cf25f personal 0
1784850960 close b211d20a-be47-46cb-b278-55ee34feeee4 personal 20
1784901059 open %9 personal 0
1784902320 open 8b3237b1-af74-4fdf-a584-43828d5e9917 personal 0
1784902320 close %9 personal 21
1785003900 open %10 personal 0
1785020213 open %11 personal 0
1785060863 open %12 personal 0
1785060863 close 8b3237b1-af74-4fdf-a584-43828d5e9917 personal 2642
1785060863 close %0 personal 3537
1785060863 close %11 personal 677
1785061776 open %13 personal 0
1785061776 open ff081228-0ac1-4476-b8c1-388671285671 personal 0
1785061776 close %10 personal 964
1785061776 close %12 personal 15
1785061776 close 26c89231-4090-427a-9b0b-b18c737cf25f personal 3513
1785062091 close %13 personal 5
1785063351 open 5f4df9b7-bede-4547-87f8-08a1b9691ff3 personal 0
1785063351 open 7aeb3215-b8b1-4c7e-abab-6e3e28bdd31e personal 0
1785063351 close %1 personal 3579
1785063351 close ff081228-0ac1-4476-b8c1-388671285671 personal 26
1785086922 open %15 personal 0
1785087231 open 26f40edc-11e8-41c4-88d9-78db547cd70e personal 0
1785087231 close %15 personal 5
1785092051 close 26f40edc-11e8-41c4-88d9-78db547cd70e personal 80
1785140000 open 8a420c8f-1b87-4bb4-bc4e-382aea81059d personal 0
1785141201 open %20 personal 0
1785141201 open %18 personal 0
1785141201 open %21 personal 0
1785141201 close 5f4df9b7-bede-4547-87f8-08a1b9691ff3 personal 1297
1785142401 open 16250bbb-2277-4b59-ad4a-b6e692f59f1d personal 0
1785142401 open 9dd79b74-ebef-48b0-927f-2588c21727d3 personal 0
1785142401 open a8cbda3f-6997-4dc6-8212-f7e181f08b74 personal 0
1785142401 close %20 personal 20
1785142401 close 8a420c8f-1b87-4bb4-bc4e-382aea81059d personal 40
1785142401 close %21 personal 20
1785142671 close a8cbda3f-6997-4dc6-8212-f7e181f08b74 personal 4
1785176487 close 9dd79b74-ebef-48b0-927f-2588c21727d3 personal 568
1785177687 open 9dd79b74-ebef-48b0-927f-2588c21727d3 personal 0
1785177687 close 7aeb3215-b8b1-4c7e-abab-6e3e28bdd31e personal 1905
1785186322 open %23 personal 0
1785339440 open %0 personal 0
1785339440 close 16250bbb-2277-4b59-ad4a-b6e692f59f1d personal 3283
1785339440 close %18 personal 3303
1785339440 close 9dd79b74-ebef-48b0-927f-2588c21727d3 personal 2695
1785339440 close %23 personal 2551
1785340247 open ea8e34c7-8c42-4fd6-aa90-8d0db40d211c personal 0
1785340247 close %0 personal 13
1785342506 open %1 personal 0
1785342711 open e75de36c-fe94-4d48-96fa-83384fce73f7 personal 0
1785342711 close %1 personal 3
1785391235 close ea8e34c7-8c42-4fd6-aa90-8d0db40d211c personal 849
1785400071 open %0 personal 0
1785400071 close e75de36c-fe94-4d48-96fa-83384fce73f7 personal 956
1785401077 open bbf02da8-3ce0-4d59-a44d-e6fd71005de4 personal 0
1785401077 close %0 personal 16
1785422556 open %1 personal 0
1785422556 open %2 personal 0
1785423641 open 48d5e2c9-d0bf-4654-9b5a-d484ebb24cd5 personal 0
1785423641 open 230b7751-83a2-4fce-8354-227e0bcaf363 personal 0
1785423641 close %1 personal 18
1785423641 close %2 personal 18
1785426042 open f54b6237-3ea9-40ae-841e-2cb1a00e7fb7 personal 0
1785427242 close f54b6237-3ea9-40ae-841e-2cb1a00e7fb7 personal 20
1785479921 open %5 personal 0
1785498414 open fd749015-5ff6-403b-8b3c-365b6c6654da personal 0
1785498414 close %5 personal 308
1785508611 open %7 personal 0
1785509516 open f904870a-ee5b-4f78-85b4-88489a20ee1d personal 0
1785509516 close %7 personal 15
1785651622 close 230b7751-83a2-4fce-8354-227e0bcaf363 personal 3799
1785652821 close 48d5e2c9-d0bf-4654-9b5a-d484ebb24cd5 personal 3819
1785654035 open %8 personal 0
1785654351 open e142af5c-b137-4f66-83d0-003a04451aa5 personal 0
1785654351 close %8 personal 5
1785665305 open 84c6d967-09f2-4fc1-8e26-82b92ffcd61a personal 0
1785665305 close bbf02da8-3ce0-4d59-a44d-e6fd71005de4 personal 4403
1785665305 close fd749015-5ff6-403b-8b3c-365b6c6654da personal 2781
1785665305 close e142af5c-b137-4f66-83d0-003a04451aa5 personal 182
1785676372 open %10 personal 0
1785677633 open 32da4f60-d1ab-417d-950b-f4034f5c823a personal 0
1785677633 close %10 personal 21
1785678854 close 32da4f60-d1ab-417d-950b-f4034f5c823a personal 20
1785680095 open 255aa4b7-04ab-4b7f-b323-70fb1f06c55f personal 0
1785680095 open d4f3ebf1-465b-48b1-864b-ae467184765f personal 0
1785680095 close f904870a-ee5b-4f78-85b4-88489a20ee1d personal 2842
1785681356 close 255aa4b7-04ab-4b7f-b323-70fb1f06c55f personal 21
1785689211 open efbc1291-db91-457e-99da-c8070034ca20 personal 0
1785695066 close efbc1291-db91-457e-99da-c8070034ca20 personal 97
1785700087 close d4f3ebf1-465b-48b1-864b-ae467184765f personal 333
1785746626 open %15 personal 0
1785747542 open %17 personal 0
1785747542 open e1e82b41-bee0-4077-9e55-e7cd64d62d95 personal 0
1785747542 open fae30d2e-034f-4921-9d04-57e0c964ca32 personal 0
1785747542 close %15 personal 15
1785747831 open 23c04f72-5e7c-486a-833c-b996ff3885ee personal 0
1785747831 close %17 personal 4
1785752466 open %18 personal 0
1785753727 close %18 personal 21
1785754024 close 23c04f72-5e7c-486a-833c-b996ff3885ee personal 103
1785754928 open 9d1e1dfa-b250-45e6-a303-5cb4aa724e08 personal 0
1785754928 close e1e82b41-bee0-4077-9e55-e7cd64d62d95 personal 123
1785754928 close fae30d2e-034f-4921-9d04-57e0c964ca32 personal 123
1785761531 close 9d1e1dfa-b250-45e6-a303-5cb4aa724e08 personal 110
