1784476126 18 11 0 0 0 7 0 1 14959 0 11
1784476127 18 11 0 0 0 7 0 1 14959 0 11
1784476434 18 11 0 0 0 7 0 1 14964 0 11
1784477669 18 11 0 0 0 7 0 1 14985 0 11
1784478929 18 11 0 0 0 7 0 1 15006 0 11
1784480129 18 11 0 0 0 7 0 1 15026 0 11
1784481389 18 11 0 0 0 7 0 1 15047 0 11
1784482649 18 11 0 0 0 7 0 1 15068 0 11
1784483114 20 11 0 0 0 9 0 1 15076 0 11 1947 327
1784484329 19 11 0 0 0 8 0 1 15096 0 11 2212 325
1784485529 19 11 0 0 0 8 0 1 15116 0 11 2214 325
1784486671 19 11 0 1 0 7 0 1 15135 0 11 2053 325
1784486789 19 11 0 0 0 8 0 1 15137 0 11 2067 325
1784488049 19 11 0 0 0 8 0 1 15158 0 11 2102 325
1784489309 19 11 0 0 0 8 0 1 15179 0 11 2108 325
1784490569 19 11 0 0 0 8 0 1 15200 0 11 2105 325
1784491829 19 11 0 0 0 8 0 1 15221 0 11 2104 325
1784493089 20 11 0 0 0 9 0 1 15242 0 11 1836 325
1784494349 20 11 0 0 0 9 0 1 15263 0 11 1849 325
1784495609 20 11 0 0 0 9 0 1 15284 0 11 1850 325
1784496869 20 11 0 0 0 9 0 1 15305 0 11 1851 325
1784498129 20 11 0 0 0 9 0 1 15326 0 11 1851 325
1784499389 20 11 0 0 0 9 0 1 15347 0 11 1849 325
1784500649 20 11 0 0 0 9 0 1 15368 0 11 1847 325
1784501909 20 11 0 0 0 9 0 1 15389 0 11 1842 325
1784503169 20 11 0 0 0 9 0 1 15410 0 11 1837 325
1784504429 20 11 0 0 0 9 0 1 15431 0 11 1846 325
1784505689 20 11 0 0 0 9 0 1 15452 0 11 1837 325
1784506949 20 11 0 0 0 9 0 1 15473 0 11 1843 325
1784508209 20 11 0 0 0 9 0 1 15494 0 11 1843 325
1784509469 20 11 0 0 0 9 0 1 15515 0 11 1843 325
1784510729 20 11 0 0 0 9 0 1 15536 0 11 1847 325
1784511989 20 11 0 0 0 9 0 1 15557 0 11 1824 328
1784513249 20 11 0 0 0 9 0 1 15578 0 11 1829 328
1784514509 20 11 0 0 0 9 0 1 15599 0 11 1824 328
1784515769 20 11 0 0 0 9 0 1 15620 0 11 1826 328
1784517029 20 11 0 0 0 9 0 1 15641 0 11 1823 328
1784518289 20 11 0 0 0 9 0 1 15662 0 11 1820 328
1784519549 20 11 0 0 0 9 0 1 15683 0 11 1817 328
1784520809 20 11 0 0 0 9 0 1 15704 0 11 1821 328
1784522069 20 11 0 0 0 9 0 1 15725 0 11 1823 328
1784523329 20 11 0 0 0 9 0 1 15746 0 11 1820 328
1784524589 20 11 0 0 0 9 0 1 15767 0 11 1811 328
1784525849 20 11 0 0 0 9 0 1 15788 0 11 1822 328
1784527109 20 11 0 0 0 9 0 1 15809 0 11 1816 328
1784528369 19 12 0 0 0 7 0 1 15830 0 12 2038 328
1784529629 19 12 0 0 0 7 0 1 15851 0 12 2516 802
1784530889 19 12 0 0 0 7 0 1 15872 0 12 2497 802
1784532149 19 12 0 0 0 7 0 1 15893 0 12 2516 802
1784533409 20 13 0 0 0 7 0 1 15914 0 13 2237 802
1784534669 20 13 0 0 0 7 0 1 15935 0 13 2236 802
1784535929 20 13 0 0 0 7 0 1 15956 0 13 2250 802
1784537189 20 13 0 0 0 7 0 1 15977 0 13 2276 802
1784538449 20 13 0 0 0 7 0 1 15998 0 13 2275 802
1784539709 20 13 0 0 0 7 0 1 16019 0 13 2250 802
1784540969 20 13 0 0 0 7 0 1 16040 0 13 2249 802
1784542229 20 13 0 0 0 7 0 1 16061 0 13 2250 802
1784543489 14 8 0 0 0 6 0 0 16082 0 8 3736 662
1784544749 14 9 0 0 0 5 0 0 16103 0 9 3740 662
1784546009 14 9 0 0 0 5 0 0 16124 0 9 3739 662
1784547269 13 7 0 1 0 5 0 0 16145 0 7 3779 635
1784548474 8 3 0 2 0 3 0 1 6 0 3 4832 426
1784549432 2 1 0 0 0 1 0 0 8 0 1 7029 151
1784549679 2 1 0 0 0 1 0 0 12 0 1 6997 151
1784550929 2 1 0 0 0 1 0 0 34 0 1 7036 151
1784552189 2 1 0 0 0 1 0 0 2 0 1 7040 151
1784553449 2 1 0 0 0 1 0 0 23 0 1 7044 151
1784554709 2 1 0 0 0 1 0 0 44 0 1 7045 151
1784555969 3 1 0 1 0 1 0 0 5 0 1 6782 151
1784557229 3 1 0 0 0 2 0 0 26 0 1 6712 151
1784558429 3 2 0 0 0 1 0 0 46 0 2 6715 151
1784559689 3 2 0 0 0 1 0 0 7 0 2 6715 151
1784560949 3 2 0 0 0 1 0 0 28 0 2 6721 151
1784562209 3 2 0 0 0 1 0 0 49 0 2 6723 151
1784563469 3 2 0 0 0 1 0 0 10 0 2 6724 151
1784564712 3 2 0 0 0 1 0 0 30 0 2 6719 151
1784565929 3 2 0 0 0 1 0 0 51 0 2 6720 151
1784567189 3 2 0 0 0 1 0 0 12 0 2 6720 151
1784568449 3 2 0 0 0 1 0 0 33 0 2 6721 151
1784569709 3 2 0 0 0 1 0 0 54 0 2 6721 151
1784570969 4 2 0 1 0 1 0 0 10 0 2 6395 151
1784572229 4 3 0 0 0 1 0 0 31 0 3 6381 151
1784573489 4 3 0 0 0 1 0 0 52 0 3 6402 151
1784574689 4 3 0 0 0 1 0 0 17 0 3 6381 151
1784575889 4 3 0 0 0 1 0 0 37 0 3 6378 151
1784577149 4 3 0 0 0 1 0 0 58 0 3 6386 151
1784578409 4 3 0 0 0 1 0 0 16 0 3 6378 151
1784579669 4 3 0 0 0 1 0 0 37 0 3 6381 151
1784580929 4 3 0 0 0 1 0 0 56 0 3 6379 151
1784582189 4 3 0 0 0 1 0 0 22 0 3 6378 151
1784583449 4 3 0 0 0 1 0 0 43 0 3 6379 151
1784584709 4 3 0 0 0 1 0 0 59 0 3 6378 151
1784585969 4 3 0 0 0 1 0 0 25 0 3 6371 151
1784587169 4 3 0 0 0 1 0 0 45 0 3 6376 151
1784588429 4 3 0 0 0 1 0 0 56 0 3 6379 151
1784589689 4 3 0 0 0 1 0 0 27 0 3 6379 151
1784590949 4 3 0 0 0 1 0 0 48 0 3 6378 151
1784592209 4 3 0 0 0 1 0 0 59 0 3 6376 151
1784593469 4 3 0 0 0 1 0 0 30 0 3 6374 151
1784594729 4 3 0 0 0 1 0 0 51 0 3 6377 151
1784595989 4 3 0 0 0 1 0 0 12 0 3 6377 151
1784597249 4 3 0 0 0 1 0 0 33 0 3 6378 151
1784598509 4 3 0 0 0 1 0 0 54 0 3 6381 151
1784599769 4 3 0 0 0 1 0 0 15 0 3 6376 151
1784601029 4 3 0 0 0 1 0 0 36 0 3 6377 151
1784602289 4 3 0 0 0 1 0 0 57 0 3 6379 151
1784603549 4 3 0 0 0 1 0 0 18 0 3 6378 151
1784604809 4 3 0 0 0 1 0 0 39 0 3 6376 151
1784606069 4 3 0 0 0 1 0 0 55 0 3 6376 151
1784607329 4 3 0 0 0 1 0 0 21 0 3 6376 151
1784608589 4 3 0 0 0 1 0 0 42 0 3 6373 151
1784609849 4 3 0 0 0 1 0 0 58 0 3 6376 151
1784611109 4 3 0 0 0 1 0 0 24 0 3 6376 151
1784612369 4 3 0 0 0 1 0 0 45 0 3 6373 151
1784613629 4 3 0 0 0 1 0 0 56 0 3 6374 151
1784614889 4 3 0 0 0 1 0 0 27 0 3 6365 151
1784616149 3 2 0 0 0 1 0 0 43 0 2 6599 151
1784617409 3 2 0 0 0 1 0 0 9 0 2 6606 151
1784618669 3 2 0 0 0 1 0 0 30 0 2 6604 151
1784619929 3 2 0 0 0 1 0 0 51 0 2 6606 151
1784621189 3 2 0 0 0 1 0 0 12 0 2 6605 151
1784622449 3 2 0 0 0 1 0 0 33 0 2 6602 151
1784623709 3 2 0 0 0 1 0 0 54 0 2 6603 151
1784624969 3 2 0 0 0 1 0 0 15 0 2 6600 151
1784626229 3 2 0 0 0 1 0 0 36 0 2 6604 151
1784627489 3 2 0 0 0 1 0 0 57 0 2 6600 151
1784628749 3 2 0 0 0 1 0 0 18 0 2 6605 151
1784630009 3 2 0 0 0 1 0 0 39 0 2 6600 151
1784631269 3 2 0 0 0 1 0 0 55 0 2 6601 151
1784632529 3 2 0 0 0 1 0 0 21 0 2 6593 151
1784633789 3 2 0 0 0 1 0 0 42 0 2 6594 151
1784635049 3 2 0 0 0 1 0 0 58 0 2 6594 151
1784636309 3 2 0 0 0 1 0 0 24 0 2 6598 151
1784637569 3 2 0 0 0 1 0 1 10 0 2 6682 151
1784638829 3 2 0 0 0 1 0 1 31 0 2 6682 151
1784640089 3 2 0 0 0 1 0 1 52 0 2 6680 151
1784641349 3 2 0 0 0 1 0 1 48 0 2 6692 151
1784642609 3 2 0 0 0 1 0 1 36 0 2 6700 151
1784643869 3 2 0 0 0 1 0 1 57 0 2 6700 151
1784645129 3 2 0 0 0 1 0 1 51 0 2 6697 151
1784646389 3 2 0 0 0 1 0 1 39 0 2 6695 151
1784647649 3 2 0 0 0 1 0 1 33 0 2 6638 151
1784648909 3 2 0 0 0 1 0 1 54 0 2 6641 151
1784650169 3 2 0 0 0 1 0 1 42 0 2 6647 151
1784651429 3 2 0 0 0 1 0 1 36 0 2 6646 151
1784652689 3 2 0 0 0 1 0 1 57 0 2 6649 151
1784653949 3 2 0 0 0 1 0 1 45 0 2 6647 151
1784655209 3 2 0 0 0 1 0 1 39 0 2 6649 151
1784656469 3 2 0 0 0 1 0 1 27 0 2 6646 151
1784657729 3 2 0 0 0 1 0 1 48 0 2 6645 151
1784658989 3 2 0 0 0 1 0 1 42 0 2 6645 151
1784660249 3 2 0 0 0 1 0 1 30 0 2 6645 151
1784661509 3 2 0 0 0 1 0 1 51 0 2 6644 151
1784662769 3 2 0 0 0 1 0 1 45 0 2 6646 151
1784664029 3 2 0 0 0 1 0 1 33 0 2 6645 151
1784665289 3 2 0 0 0 1 0 1 54 0 2 6645 151
1784666549 3 2 0 0 0 1 0 1 48 0 2 6647 151
1784667809 3 2 0 0 0 1 0 1 36 0 2 6644 151
1784669069 3 2 0 0 0 1 0 1 57 0 2 6643 151
1784670329 3 2 0 0 0 1 0 1 51 0 2 6644 151
1784671589 3 2 0 0 0 1 0 1 39 0 2 6643 151
1784672849 3 2 0 0 0 1 0 1 33 0 2 6643 151
1784674109 3 2 0 0 0 1 0 1 54 0 2 6644 151
1784675369 3 2 0 0 0 1 0 1 42 0 2 6645 151
1784676629 3 2 0 0 0 1 0 1 36 0 2 6645 151
1784677889 3 2 0 0 0 1 0 1 57 0 2 6646 151
1784679149 3 2 0 0 0 1 0 1 45 0 2 6643 151
1784680409 3 2 0 0 0 1 0 1 39 0 2 6643 151
1784681669 3 2 0 0 0 1 0 1 27 0 2 6643 151
1784682929 3 2 0 0 0 1 0 1 48 0 2 6641 151
1784684189 3 2 0 0 0 1 0 1 42 0 2 6642 151
1784685449 3 2 0 0 0 1 0 1 30 0 2 6640 151
1784686709 3 2 0 0 0 1 0 1 51 0 2 6644 151
1784687969 3 2 0 0 0 1 0 1 45 0 2 6644 151
1784689229 3 2 0 0 0 1 0 1 33 0 2 6643 151
1784690489 3 2 0 0 0 1 0 1 54 0 2 6643 151
1784691749 3 2 0 0 0 1 0 1 48 0 2 6646 151
1784693009 3 2 0 0 0 1 0 1 36 0 2 6648 151
1784694269 3 2 0 0 0 1 0 1 57 0 2 6645 151
1784695529 3 2 0 0 0 1 0 1 51 0 2 6644 151
1784696789 3 2 0 0 0 1 0 1 39 0 2 6644 151
1784698049 3 2 0 0 0 1 0 1 33 0 2 6644 151
1784699309 3 2 0 0 0 1 0 1 54 0 2 6643 151
1784700569 3 2 0 0 0 1 0 1 42 0 2 6643 151
1784701829 3 2 0 0 0 1 0 1 36 0 2 6642 151
1784703089 3 2 0 0 0 1 0 1 57 0 2 6641 151
1784704349 3 2 0 0 0 1 0 1 45 0 2 6639 151
1784705609 3 2 0 0 0 1 0 1 39 0 2 6643 151
1784706869 3 2 0 0 0 1 0 1 27 0 2 6645 151
1784708129 3 2 0 0 0 1 0 1 48 0 2 6641 151
1784709389 3 2 0 0 0 1 0 1 42 0 2 6646 151
1784710649 3 2 0 0 0 1 0 1 30 0 2 6646 151
1784711909 3 2 0 0 0 1 0 1 51 0 2 6645 151
1784713169 3 2 0 0 0 1 0 1 45 0 2 6644 151
1784714429 3 2 0 0 0 1 0 1 33 0 2 6644 151
1784715689 3 2 0 0 0 1 0 1 54 0 2 6644 151
1784716949 3 2 0 0 0 1 0 1 48 0 2 6644 151
1784718209 3 2 0 0 0 1 0 1 36 0 2 6645 151
1784719469 3 2 0 0 0 1 0 1 57 0 2 6646 151
1784720729 3 2 0 0 0 1 0 1 51 0 2 6644 151
1784721989 3 2 0 0 0 1 0 1 39 0 2 6640 151
1784723249 3 2 0 0 0 1 0 1 33 0 2 6642 151
1784724509 2 0 0 0 0 2 0 0 0 0 0 6956 129
1784725769 2 0 0 0 0 2 0 0 0 0 0 6959 129
1784727029 2 0 0 0 0 2 0 0 0 0 0 6947 129
1784728289 2 0 0 0 0 2 0 0 0 0 0 6959 129
1784729549 2 0 0 0 0 2 0 0 0 0 0 6950 129
1784730809 2 0 0 0 0 2 0 0 0 0 0 6948 129
1784732069 2 0 0 0 0 2 0 0 0 0 0 6951 129
1784733329 2 0 0 0 0 2 0 0 0 0 0 6950 129
1784734589 2 0 0 0 0 2 0 0 0 0 0 6947 129
1784735849 2 0 0 0 0 2 0 0 0 0 0 6949 129
1784737109 2 0 0 0 0 2 0 0 0 0 0 6951 129
1784738369 2 0 0 0 0 2 0 0 0 0 0 6942 129
1784739629 2 0 0 0 0 2 0 0 0 0 0 6950 129
1784740889 2 0 0 0 0 2 0 0 0 0 0 6948 129
1784742149 2 0 0 0 0 2 0 0 0 0 0 6944 129
1784743366 2 0 0 0 0 2 0 0 0 0 0 6950 127
1784744609 2 0 0 0 0 2 0 0 0 0 0 6949 127
1784745869 2 0 0 0 0 2 0 0 0 0 0 6936 127
1784747129 2 0 0 0 0 2 0 0 0 0 0 6932 127
1784748389 2 0 0 0 0 2 0 0 0 0 0 6846 122
1784749649 2 0 0 0 0 2 0 0 0 0 0 6872 122
1784750909 2 0 0 0 0 2 0 0 0 0 0 6873 122
1784752141 2 0 0 0 0 2 0 0 0 0 0 6587 110
1784753369 2 0 0 0 0 2 0 0 0 0 0 6657 97
1784754629 2 0 0 0 0 2 0 0 0 0 0 6651 97
1784755889 2 0 0 0 0 2 0 0 0 0 0 6657 97
1784757149 2 0 0 0 0 2 0 0 0 0 0 6658 97
1784758409 2 0 0 0 0 2 0 0 0 0 0 6655 97
1784759669 2 0 0 0 0 2 0 0 0 0 0 6658 97
1784760929 2 0 0 0 0 2 0 0 0 0 0 6658 97
1784762189 2 0 0 0 0 2 0 0 0 0 0 6655 97
1784763449 2 0 0 0 0 2 0 0 0 0 0 6657 97
1784764709 2 0 0 0 0 2 0 0 0 0 0 6658 97
1784765969 2 0 0 0 0 2 0 0 0 0 0 6653 97
1784767229 2 0 0 0 0 2 0 0 0 0 0 6657 97
1784768489 2 0 0 0 0 2 0 0 0 0 0 6659 97
1784769749 2 0 0 0 0 2 0 0 0 0 0 6655 97
1784771009 2 0 0 0 0 2 0 0 0 0 0 6657 97
1784772269 2 0 0 0 0 2 0 0 0 0 0 6654 97
1784773529 2 0 0 0 0 2 0 0 0 0 0 6641 97
1784774789 2 0 0 0 0 2 0 0 0 0 0 6584 97
1784776049 2 0 0 0 0 2 0 0 0 0 0 6581 97
1784777309 2 0 0 0 0 2 0 0 0 0 0 6574 97
1784778569 2 0 0 0 0 2 0 0 0 0 0 6586 97
1784779829 2 0 0 0 0 2 0 0 0 0 0 6576 97
1784781089 2 0 0 0 0 2 0 0 0 0 0 6577 97
1784782349 2 0 0 0 0 2 0 0 0 0 0 6576 97
1784783609 2 0 0 0 0 2 0 0 0 0 0 6582 97
1784784869 2 0 0 0 0 2 0 0 0 0 0 6578 97
1784786129 2 0 0 0 0 2 0 0 0 0 0 6584 97
1784787389 2 0 0 0 0 2 0 0 0 0 0 6538 97
1784788649 2 0 0 0 0 2 0 0 0 0 0 6313 97
1784789909 2 0 0 0 0 2 0 0 0 0 0 6547 97
1784791169 3 0 0 1 0 2 0 0 0 0 0 6199 97
1784792429 3 0 0 0 0 3 0 0 0 0 0 6172 97
1784793689 3 1 0 0 0 2 0 0 8 0 1 6181 97
1784794949 3 1 0 0 0 2 0 0 19 0 1 6177 97
1784796209 3 1 0 0 0 2 0 0 40 0 1 6175 97
1784797469 3 1 0 0 0 2 0 0 1 0 1 6162 97
1784798729 3 1 0 0 0 2 0 0 22 0 1 6178 97
1784799989 3 1 0 0 0 2 0 0 43 0 1 6176 97
1784801249 3 1 0 0 0 2 0 0 4 0 1 6177 97
1784802509 3 1 1 0 0 1 0 0 4 0 1 6353 97
1784803769 3 1 1 0 0 1 0 0 25 0 1 6366 97
1784805029 3 1 1 0 0 1 0 0 7 0 1 6367 97
1784806289 3 1 1 0 0 1 0 0 28 0 1 6361 97
1784807549 3 1 1 0 0 1 0 0 49 0 1 6348 97
1784808809 3 1 1 0 0 1 0 0 10 0 1 6360 97
1784810069 4 1 1 1 0 1 0 0 0 0 1 6047 97
1784811296 4 1 1 1 0 1 0 0 9 0 1 5957 97
1784812529 4 0 1 1 0 2 0 0 0 0 0 5904 97
1784813729 4 1 1 0 0 2 0 0 9 0 1 5889 97
1784814989 4 1 1 0 0 2 0 0 30 0 1 5887 97
1784841291 2 1 0 1 0 0 0 1 0 0 1 6304 0
1784842551 2 1 0 0 0 1 0 1 0 0 1 6276 0
1784843811 2 1 0 1 0 0 0 1 0 0 1 6217 0
1784845071 2 2 0 0 0 0 0 1 0 0 2 6181 0
1784846331 2 1 0 0 0 1 0 0 0 0 1 6157 0
1784847591 2 2 0 0 0 0 0 1 0 0 2 6148 0
1784848599 4 2 0 2 0 0 0 1 0 0 2 5560 0
1784848599 4 2 0 2 0 0 0 1 0 0 2 5561 0
1784848851 4 3 0 0 0 1 0 1 434 0 3 5546 0
1784849760 3 1 0 1 0 1 0 0 0 0 1 5754 0
1784850051 3 3 0 0 0 0 0 1 6 0 3 5784 0
1784850960 3 2 0 1 0 0 0 1 20 0 2 5762 0
1784851311 3 3 0 0 0 0 0 1 25 0 3 5770 0
1784852221 3 3 0 0 0 0 0 1 1 0 3 5764 0
1784852571 3 3 0 0 0 0 0 1 6 0 3 5766 0
1784853482 3 3 0 0 0 0 0 1 22 0 3 5750 0
1784853831 3 3 0 0 0 0 0 1 27 0 3 5751 0
1784854743 3 3 0 0 0 0 0 1 43 0 3 5752 0
1784855091 3 3 0 0 0 0 0 1 48 0 3 5752 0
1784856004 3 3 0 0 0 0 0 1 4 0 3 5753 0
1784856351 3 3 0 0 0 0 0 1 9 0 3 5746 0
1784857265 3 3 0 0 0 0 0 1 25 0 3 5752 0
1784857611 3 3 0 0 0 0 0 1 30 0 3 5750 0
1784858526 3 3 0 0 0 0 0 1 46 0 3 5753 0
1784858811 3 3 0 0 0 0 0 1 50 0 3 5741 0
1784859727 3 3 0 0 0 0 0 1 6 0 3 5750 0
1784860071 3 3 0 0 0 0 0 1 11 0 3 5745 0
1784860988 3 3 0 0 0 0 0 1 27 0 3 5750 0
1784861331 3 3 0 0 0 0 0 1 32 0 3 5751 0
1784862249 3 3 0 0 0 0 0 1 48 0 3 5747 0
1784862591 3 3 0 0 0 0 0 1 53 0 3 5748 0
1784863510 3 3 0 0 0 0 0 1 9 0 3 5752 0
1784863851 3 3 0 0 0 0 0 1 14 0 3 5751 0
1784864751 3 3 0 0 0 0 0 1 29 0 3 5754 0
1784865111 3 3 0 0 0 0 0 1 35 0 3 5751 0
1784866012 3 3 0 0 0 0 0 1 50 0 3 5750 0
1784866371 3 3 0 0 0 0 0 1 56 0 3 5742 0
1784867273 3 3 0 0 0 0 0 1 11 0 3 5748 0
1784867631 3 3 0 0 0 0 0 1 17 0 3 5746 0
1784868534 3 3 0 0 0 0 0 1 32 0 3 5746 0
1784868891 3 3 0 0 0 0 0 1 38 0 3 5745 0
1784869795 3 3 0 0 0 0 0 1 54 0 3 5742 0
1784870151 3 3 0 0 0 0 0 1 59 0 3 5739 0
1784871056 3 3 0 0 0 0 0 1 15 0 3 5746 0
1784871411 3 3 0 0 0 0 0 1 20 0 3 5738 0
1784872317 3 3 0 0 0 0 0 1 36 0 3 5742 0
1784872671 3 3 0 0 0 0 0 1 41 0 3 5743 0
1784873578 3 3 0 0 0 0 0 1 57 0 3 5745 0
1784873871 3 3 0 0 0 0 0 1 1 0 3 5745 0
1784874779 3 3 0 0 0 0 0 1 17 0 3 5749 0
1784875131 3 3 0 0 0 0 0 1 22 0 3 5742 0
1784876040 3 3 0 0 0 0 0 1 38 0 3 5744 0
1784876391 3 3 0 0 0 0 0 1 43 0 3 5740 0
1784877301 3 3 0 0 0 0 0 1 59 0 3 5740 0
1784877651 3 3 0 0 0 0 0 1 4 0 3 5735 0
1784878562 3 3 0 0 0 0 0 1 20 0 3 5742 0
1784878911 3 3 0 0 0 0 0 1 25 0 3 5739 0
1784879823 3 3 0 0 0 0 0 1 41 0 3 5740 0
1784880171 3 3 0 0 0 0 0 1 46 0 3 5741 0
1784881084 3 3 0 0 0 0 0 1 2 0 3 5740 0
1784881431 3 3 0 0 0 0 0 1 7 0 3 5737 0
1784882345 3 3 0 0 0 0 0 1 23 0 3 5735 0
1784882631 3 3 0 0 0 0 0 1 27 0 3 5732 0
1784883546 3 3 0 0 0 0 0 1 43 0 3 5696 0
1784883891 3 3 0 0 0 0 0 1 48 0 3 5700 0
1784884807 3 3 0 0 0 0 0 1 4 0 3 5685 0
1784885151 3 3 0 0 0 0 0 1 9 0 3 5685 0
1784886068 3 3 0 0 0 0 0 1 25 0 3 5691 0
1784886411 3 3 0 0 0 0 0 1 30 0 3 5691 0
1784887329 3 3 0 0 0 0 0 1 46 0 3 5689 0
1784887671 3 3 0 0 0 0 0 1 51 0 3 5685 0
1784888590 3 3 0 0 0 0 0 1 7 0 3 5687 0
1784888931 3 3 0 0 0 0 0 1 12 0 3 5691 0
1784889831 3 3 0 0 0 0 0 1 27 0 3 5688 0
1784890145 3 3 0 0 0 0 0 1 33 0 3 5667 0
1784891052 3 3 0 0 0 0 0 1 48 0 3 5667 0
1784891391 3 3 0 0 0 0 0 1 53 0 3 5660 0
1784892293 3 3 0 0 0 0 0 1 8 0 3 5673 0
1784892651 3 3 0 0 0 0 0 1 14 0 3 5646 0
1784893554 3 3 0 0 0 0 0 1 29 0 3 5639 0
1784893911 3 3 0 0 0 0 0 1 35 0 3 5638 0
1784894815 3 3 0 0 0 0 0 1 50 0 3 5639 0
1784895171 3 3 0 0 0 0 0 1 56 0 3 5638 0
1784896076 3 3 0 0 0 0 0 1 12 0 3 5645 0
1784896431 3 3 0 0 0 0 0 1 17 0 3 5645 0
1784897337 3 3 0 0 0 0 0 1 33 0 3 5640 0
1784897691 3 3 0 0 0 0 0 1 38 0 3 5644 0
1784898597 3 3 0 0 0 0 0 1 54 0 3 5641 0
1784898891 3 3 0 0 0 0 0 1 58 0 3 5641 0
1784899798 3 3 0 0 0 0 0 1 14 0 3 5643 0
1784900151 3 3 0 0 0 0 0 1 19 0 3 5641 0
1784901059 4 3 0 0 0 1 0 1 35 0 3 5358 0
1784901411 4 3 0 1 0 0 0 1 40 0 3 5351 0
1784902320 4 3 0 0 0 1 0 1 56 0 3 5324 0
1784902671 4 3 0 0 0 1 0 1 1 0 3 5328 0
1784903581 4 3 0 0 0 1 0 1 17 0 3 5327 0
1784903931 4 3 0 0 0 1 0 1 22 0 3 5327 0
1784904842 4 3 0 0 0 1 0 1 38 0 3 5326 0
1784905191 4 3 0 1 0 0 0 1 43 0 3 5318 0
1784906103 4 3 0 0 0 1 0 1 59 0 3 5317 0
1784906451 4 3 0 0 0 1 0 1 4 0 3 5317 0
1784907364 4 3 0 0 0 1 0 1 20 0 3 5320 0
1784907711 4 3 0 0 0 1 0 1 25 0 3 5315 0
1784908625 4 3 0 0 0 1 0 1 41 0 3 5321 0
1784908971 4 3 0 0 0 1 0 1 46 0 3 5276 0
1784909886 4 3 0 0 0 1 0 1 2 0 3 5312 0
1784910231 4 3 0 0 0 1 0 1 7 0 3 5314 0
1784911147 4 3 0 0 0 1 0 1 23 0 3 5292 0
1784911491 4 3 0 0 0 1 0 1 28 0 3 5294 0
1784912408 4 3 0 0 0 1 0 1 44 0 3 5292 0
1784912751 4 3 0 0 0 1 0 1 49 0 3 5233 0
1784913669 4 3 0 0 0 1 0 1 5 0 3 5229 0
1784914011 4 3 0 0 0 1 0 1 10 0 3 5234 0
1784914930 4 3 0 0 0 1 0 1 26 0 3 5230 0
1784915271 4 3 0 0 0 1 0 1 31 0 3 5231 0
1784916171 4 3 0 0 0 1 0 1 46 0 3 5292 0
1784916531 4 3 0 0 0 1 0 1 52 0 3 5291 0
1784917432 4 3 0 0 0 1 0 1 7 0 3 5292 0
1784917731 4 3 0 0 0 1 0 1 12 0 3 5293 0
1784918633 4 3 0 0 0 1 0 1 27 0 3 5289 0
1784918991 4 3 0 0 0 1 0 1 33 0 3 5289 0
1784919894 4 3 0 1 0 0 0 1 48 0 3 5278 0
1784920251 4 4 0 0 0 0 0 2 54 0 4 5282 0
1784921155 4 4 0 0 0 0 0 2 20 0 4 5287 0
1784921511 4 4 0 0 0 0 0 2 26 0 4 5289 0
1784922416 4 4 0 0 0 0 0 2 41 0 4 5286 0
1784922771 4 4 0 0 0 0 0 2 36 0 4 5285 0
1784923677 4 4 0 0 0 0 0 2 52 0 4 5285 0
1784924031 4 4 0 0 0 0 0 2 57 0 4 5286 0
1784924938 4 4 0 0 0 0 0 2 38 0 4 5283 0
1784925291 4 4 0 0 0 0 0 2 18 0 4 5284 0
1784926199 4 4 0 0 0 0 0 2 34 0 4 5280 0
1784926491 4 4 0 0 0 0 0 2 38 0 4 5283 0
1784927400 4 4 0 0 0 0 0 2 54 0 4 5285 0
1784927751 4 4 0 0 0 0 0 2 59 0 4 5281 0
1784928661 4 4 0 0 0 0 0 2 30 0 4 5286 0
1784929011 4 4 0 0 0 0 0 2 36 0 4 5283 0
1784929922 4 4 0 0 0 0 0 2 36 0 4 5281 0
1784930271 4 4 0 0 0 0 0 2 41 0 4 5283 0
1784931183 4 4 0 0 0 0 0 2 57 0 4 5276 0
1784931531 4 4 0 0 0 0 0 2 28 0 4 5274 0
1784932444 4 4 0 0 0 0 0 2 43 0 4 5279 0
1784932791 4 4 0 0 0 0 0 2 49 0 4 5279 0
1784933705 4 4 0 0 0 0 0 2 39 0 4 5278 0
1784934051 4 4 0 0 0 0 0 2 44 0 4 5280 0
1784934966 4 4 0 0 0 0 0 2 25 0 4 5280 0
1784935311 4 4 0 0 0 0 0 2 31 0 4 5278 0
1784936227 4 4 0 0 0 0 0 2 46 0 4 5276 0
1784936571 4 4 0 0 0 0 0 2 52 0 4 5273 0
1784937488 4 4 0 0 0 0 0 2 42 0 4 5275 0
1784937771 4 4 0 0 0 0 0 2 46 0 4 5275 0
1784938689 4 4 0 0 0 0 0 2 17 0 4 5274 0
1784939031 4 4 0 0 0 0 0 2 23 0 4 5269 0
1784939950 4 4 0 0 0 0 0 2 38 0 4 5273 0
1784940291 4 4 0 0 0 0 0 2 44 0 4 5273 0
1784941191 4 4 0 0 0 0 0 2 43 0 4 5278 0
1784941551 4 4 0 0 0 0 0 2 49 0 4 5281 0
1784942452 4 4 0 0 0 0 0 2 30 0 4 5272 0
1784942811 4 4 0 0 0 0 0 2 36 0 4 5270 0
1784943713 4 4 0 0 0 0 0 2 51 0 4 5275 0
1784944071 4 4 0 0 0 0 0 2 57 0 4 5273 0
1784944974 4 4 0 0 0 0 0 2 46 0 4 5276 0
1784945331 4 4 0 0 0 0 0 2 52 0 4 5276 0
1784946235 4 4 0 0 0 0 0 2 33 0 4 5276 0
1784946531 4 4 0 0 0 0 0 2 38 0 4 5277 0
1784947436 4 4 0 0 0 0 0 2 53 0 4 5273 0
1784947791 4 4 0 0 0 0 0 2 59 0 4 5273 0
1784948697 4 4 0 0 0 0 0 2 49 0 4 5273 0
1784949051 4 4 0 0 0 0 0 2 54 0 4 5268 0
1784949958 4 4 0 0 0 0 0 2 35 0 4 5266 0
1784950311 4 4 0 0 0 0 0 2 41 0 4 5267 0
1784951219 4 4 0 0 0 0 0 2 56 0 4 5267 0
1784951571 4 4 0 0 0 0 0 2 36 0 4 5267 0
1784952480 4 4 0 0 0 0 0 2 52 0 4 5261 0
1784952831 4 4 0 0 0 0 0 2 57 0 4 5262 0
1784953741 4 4 0 0 0 0 0 2 38 0 4 5265 0
1784954091 4 4 0 0 0 0 0 2 44 0 4 5264 0
1784955002 4 4 0 0 0 0 0 2 59 0 4 5270 0
1784955351 4 4 0 0 0 0 0 2 39 0 4 5267 0
1784956263 4 4 0 0 0 0 0 2 55 0 4 5265 0
1784956611 4 4 0 0 0 0 0 2 26 0 4 5267 0
1784957524 4 4 0 0 0 0 0 2 41 0 4 5265 0
1784957871 4 4 0 0 0 0 0 2 47 0 4 5269 0
1784958785 4 4 0 0 0 0 0 2 37 0 4 5264 0
1784959131 4 4 0 0 0 0 0 2 42 0 4 5262 0
1784960046 4 4 0 0 0 0 0 2 58 0 4 5264 0
1784960391 4 4 0 0 0 0 0 2 29 0 4 5265 0
1784961307 4 4 0 0 0 0 0 2 44 0 4 5262 0
1784961591 4 4 0 0 0 0 0 2 49 0 4 5266 0
1784962508 4 4 0 0 0 0 0 2 39 0 4 5261 0
1784962851 4 4 0 0 0 0 0 2 44 0 4 5263 0
1784963769 4 4 0 0 0 0 0 2 25 0 4 5266 0
1784964111 4 4 0 0 0 0 0 2 31 0 4 5265 0
1784965030 4 4 0 0 0 0 0 2 21 0 4 5263 0
1784965371 4 4 0 0 0 0 0 2 26 0 4 5261 0
1784966290 4 4 0 0 0 0 0 2 42 0 4 5261 0
1784966631 4 4 0 0 0 0 0 2 47 0 4 5263 0
1784967531 4 4 0 0 0 0 0 2 2 0 4 5261 0
1784967891 4 4 0 0 0 0 0 2 8 0 4 5262 0
1784968792 4 4 0 0 0 0 0 2 23 0 4 5261 0
1784969151 4 4 0 0 0 0 0 2 29 0 4 5263 0
1784970053 4 4 0 0 0 0 0 2 44 0 4 5264 0
1784970351 4 4 0 0 0 0 0 2 49 0 4 5265 0
1784971254 4 4 0 0 0 0 0 2 6 0 4 5262 0
1784971611 4 4 0 0 0 0 0 2 12 0 4 5261 0
1784972515 4 4 0 0 0 0 0 2 26 0 4 5260 0
1784972871 4 4 0 0 0 0 0 2 31 0 4 5260 0
1784973776 4 4 0 0 0 0 0 2 47 0 4 5260 0
1784974131 4 4 0 0 0 0 0 2 52 0 4 5260 0
1784975037 4 4 0 0 0 0 0 2 24 0 4 5259 0
1784975391 4 4 0 0 0 0 0 2 30 0 4 5259 0
1784976298 4 4 0 0 0 0 0 2 29 0 4 5259 0
1784976651 4 4 0 0 0 0 0 2 34 0 4 5257 0
1784977559 4 4 0 0 0 0 0 2 50 0 4 5255 0
1784977911 4 4 0 0 0 0 0 2 55 0 4 5256 0
1784978820 4 4 0 0 0 0 0 2 33 0 4 5259 0
1784979171 4 4 0 0 0 0 0 2 39 0 4 5258 0
1784980081 4 4 0 0 0 0 0 2 55 0 4 5258 0
1784980431 4 4 0 0 0 0 0 2 37 0 4 5257 0
1784981342 4 4 0 0 0 0 0 2 53 0 4 5258 0
1784981631 4 4 0 0 0 0 0 2 57 0 4 5263 0
1784982543 4 4 0 0 0 0 0 2 38 0 4 5257 0
1784982891 4 4 0 0 0 0 0 2 44 0 4 5257 0
1784983804 4 4 0 0 0 0 0 2 59 0 4 5260 0
1784984151 4 4 0 0 0 0 0 2 39 0 4 5258 0
1784985065 4 4 0 0 0 0 0 2 55 0 4 5258 0
1784985411 4 4 0 0 0 0 0 2 26 0 4 5259 0
1784986326 4 4 0 0 0 0 0 2 41 0 4 5260 0
1784986671 4 4 0 0 0 0 0 2 47 0 4 5258 0
1784987587 4 4 0 0 0 0 0 2 37 0 4 5258 0
1784987931 4 4 0 0 0 0 0 2 42 0 4 5253 0
1784988848 4 4 0 0 0 0 0 2 58 0 4 5254 0
1784989191 4 4 0 0 0 0 0 2 29 0 4 5255 0
1784990109 4 4 0 0 0 0 0 2 44 0 4 5254 0
1784990391 4 4 0 0 0 0 0 2 49 0 4 5257 0
1784991310 4 4 0 0 0 0 0 2 39 0 4 5251 0
1784991651 4 4 0 0 0 0 0 2 44 0 4 5251 0
1784992551 4 4 0 0 0 0 0 2 59 0 4 5250 0
1784992911 4 4 0 0 0 0 0 2 20 0 4 5253 0
1784993812 4 4 0 0 0 0 0 2 35 0 4 5254 0
1784994171 4 4 0 0 0 0 0 2 41 0 4 5255 0
1784995073 4 4 0 0 0 0 0 2 41 0 4 5250 0
1784995431 4 4 0 0 0 0 0 2 47 0 4 5248 0
1784996334 4 4 0 0 0 0 0 2 28 0 4 5249 0
1784996691 4 4 0 0 0 0 0 2 34 0 4 5250 0
1784997595 4 4 0 0 0 0 0 2 49 0 4 5249 0
1784997951 4 4 0 0 0 0 0 2 55 0 4 5251 0
1784998856 4 4 0 0 0 0 0 2 45 0 4 5249 0
1784999211 4 4 0 0 0 0 0 2 50 0 4 5248 0
1785000117 4 4 0 0 0 0 0 2 31 0 4 5247 0
1785000471 4 4 0 0 0 0 0 2 37 0 4 5244 0
1785001378 4 4 0 0 0 0 0 2 52 0 4 5250 0
1785001731 4 4 0 0 0 0 0 2 58 0 4 5251 0
1785002639 4 4 0 0 0 0 0 2 48 0 4 5248 0
1785002991 4 4 0 0 0 0 0 2 53 0 4 5247 0
1785003900 5 4 0 1 0 0 0 2 34 0 4 4442 0
1785004206 5 4 0 1 0 0 0 2 39 0 4 4918 0
1785005121 5 4 0 0 0 1 0 1 29 0 4 4929 0
1785005451 5 4 0 0 0 1 0 1 34 0 4 4919 0
1785006362 5 4 0 1 0 0 0 1 50 0 4 4896 0
1785006711 5 4 0 1 0 0 0 1 55 0 4 4894 0
1785007623 5 4 0 0 0 1 0 1 36 0 4 4891 0
1785007971 5 4 0 0 0 1 0 1 42 0 4 4892 0
1785008884 5 4 0 0 0 1 0 1 57 0 4 4892 0
1785009231 5 4 0 0 0 1 0 1 37 0 4 4882 0
1785010145 5 4 0 0 0 1 0 1 53 0 4 4893 0
1785010491 5 4 0 0 0 1 0 1 58 0 4 4893 0
1785011406 5 4 0 0 0 1 0 1 39 0 4 4892 0
1785011751 5 4 0 0 0 1 0 1 45 0 4 4894 0
1785012667 5 4 0 0 0 1 0 1 35 0 4 4894 0
1785013011 5 4 0 0 0 1 0 1 40 0 4 4892 0
1785013928 5 4 0 0 0 1 0 1 56 0 4 4891 0
1785014271 5 4 0 0 0 1 0 1 27 0 4 4888 0
1785015189 5 4 0 0 0 1 0 1 42 0 4 4887 0
1785015531 5 4 0 0 0 1 0 1 48 0 4 4887 0
1785016450 5 4 0 0 0 1 0 1 38 0 4 4887 0
1785016791 5 4 0 0 0 1 0 1 43 0 4 4880 0
1785017691 5 4 0 0 0 1 0 1 58 0 4 4883 0
1785018051 5 4 0 0 0 1 0 1 30 0 4 4882 0
1785018952 5 4 0 0 0 1 0 1 45 0 4 4882 0
1785019311 5 4 0 0 0 1 0 1 51 0 4 4885 0
1785020213 6 5 0 0 0 1 0 2 40 0 5 4517 0
1785020571 6 5 0 0 0 1 0 2 46 0 5 4520 0
1785021474 6 5 0 0 0 1 0 2 27 0 5 4536 0
1785021831 6 5 0 0 0 1 0 2 33 0 5 4532 0
1785022735 6 5 0 0 0 1 0 2 48 0 5 4535 0
1785023091 6 5 0 0 0 1 0 2 54 0 5 4533 0
1785023996 6 5 0 0 0 1 0 2 44 0 5 4539 0
1785024351 6 5 0 0 0 1 0 2 49 0 5 4527 0
1785025257 6 5 0 0 0 1 0 2 30 0 5 4539 0
1785025611 6 5 0 0 0 1 0 2 36 0 5 4535 0
1785026518 6 5 0 0 0 1 0 2 51 0 5 4538 0
1785026871 6 5 0 0 0 1 0 2 57 0 5 4539 0
1785027779 6 5 0 0 0 1 0 2 47 0 5 4539 0
1785028131 6 5 0 0 0 1 0 2 52 0 5 4534 0
1785029040 6 5 0 0 0 1 0 2 33 0 5 4535 0
1785029391 6 5 0 0 0 1 0 2 39 0 5 4538 0
1785030301 6 5 0 0 0 1 0 2 54 0 5 4536 0
1785030651 6 5 0 0 0 1 0 2 34 0 5 4535 0
1785031562 6 5 0 0 0 1 0 2 50 0 5 4535 0
1785031911 6 5 0 0 0 1 0 2 55 0 5 4531 0
1785032822 6 5 0 0 0 1 0 2 36 0 5 4536 0
1785033171 6 5 0 0 0 1 0 2 42 0 5 4535 0
1785034083 6 5 0 0 0 1 0 2 57 0 5 4533 0
1785034431 6 5 0 0 0 1 0 2 37 0 5 4532 0
1785035344 6 5 0 0 0 1 0 2 53 0 5 4534 0
1785035691 6 5 0 0 0 1 0 2 58 0 5 4526 0
1785036605 6 5 0 0 0 1 0 2 39 0 5 4529 0
1785036951 6 5 0 0 0 1 0 2 45 0 5 4529 0
1785037866 6 5 0 0 0 1 0 2 35 0 5 4531 0
1785038211 6 5 0 0 0 1 0 2 40 0 5 4529 0
1785039127 6 5 0 0 0 1 0 2 56 0 5 4524 0
1785039471 6 5 0 0 0 1 0 2 27 0 5 4522 0
1785040388 6 4 0 0 0 2 0 1 42 0 4 4499 0
1785040731 6 4 0 0 0 2 0 1 48 0 4 4505 0
1785041649 6 4 0 0 0 2 0 1 38 0 4 4505 0
1785041991 6 4 0 0 0 2 0 1 43 0 4 4507 0
1785042910 6 4 0 0 0 2 0 1 59 0 4 4491 0
1785043251 6 4 0 0 0 2 0 1 30 0 4 4483 0
1785044151 6 4 0 0 0 2 0 1 45 0 4 4491 0
1785044511 6 4 0 0 0 2 0 1 51 0 4 4491 0
1785045412 6 4 0 0 0 2 0 1 40 0 4 4472 0
1785045771 6 4 0 0 0 2 0 1 46 0 4 4479 0
1785046673 6 4 0 0 0 2 0 1 27 0 4 4465 0
1785047031 6 4 0 0 0 2 0 1 33 0 4 4462 0
1785047934 6 4 0 0 0 2 0 1 48 0 4 4468 0
1785048291 6 4 0 0 0 2 0 1 54 0 4 4465 0
1785049195 6 4 0 0 0 2 0 1 44 0 4 4472 0
1785049551 6 4 0 0 0 2 0 1 49 0 4 4471 0
1785050456 6 4 0 0 0 2 0 1 30 0 4 4469 0
1785050811 6 4 0 0 0 2 0 1 36 0 4 4466 0
1785051717 6 4 0 0 0 2 0 1 51 0 4 4470 0
1785052071 6 4 0 0 0 2 0 1 57 0 4 4460 0
1785052978 6 4 0 0 0 2 0 1 47 0 4 4468 0
1785053331 6 4 0 0 0 2 0 1 52 0 4 4466 0
1785054239 6 4 0 0 0 2 0 1 33 0 4 4463 0
1785054591 6 4 0 0 0 2 0 1 39 0 4 4462 0
1785055500 6 4 0 0 0 2 0 1 54 0 4 4469 0
1785055851 6 4 0 0 0 2 0 1 34 0 4 4468 0
1785056761 6 4 0 0 0 2 0 1 50 0 4 4465 0
1785057111 6 4 0 0 0 2 0 1 55 0 4 4461 0
1785058022 6 4 0 0 0 2 0 1 36 0 4 4460 0
1785058371 6 4 0 0 0 2 0 1 42 0 4 4458 0
1785059283 6 4 0 0 0 2 0 1 57 0 4 4465 0
1785059631 6 4 0 0 0 2 0 1 37 0 4 4464 0
1785060540 6 3 0 1 0 2 0 2 0 0 3 4392 0
1785060863 4 0 0 4 0 0 0 0 0 0 0 5129 0
1785061776 3 1 0 1 0 1 0 0 3 0 1 5623 0
1785062091 2 2 0 0 0 0 0 1 3 0 2 5897 0
1785063351 2 1 0 0 0 1 0 1 2 0 1 6047 0
1785064611 2 2 0 0 0 0 0 1 23 0 2 6050 0
1785065871 2 2 0 0 0 0 0 1 44 0 2 6054 0
1785067131 2 2 0 0 0 0 0 1 65 0 2 6057 0
1785068391 2 2 0 0 0 0 0 1 86 0 2 6054 0
1785069651 2 2 0 0 0 0 0 1 107 0 2 6054 0
1785070851 2 2 0 0 0 0 0 1 127 0 2 6040 0
1785072111 2 2 0 0 0 0 0 1 148 0 2 6042 0
1785073371 2 2 0 0 0 0 0 1 169 0 2 6047 0
1785074631 2 2 0 0 0 0 0 1 190 0 2 6041 0
1785075891 2 2 0 0 0 0 0 1 211 0 2 6045 0
1785077151 2 2 0 0 0 0 0 1 232 0 2 6048 0
1785078411 2 2 0 0 0 0 0 1 253 0 2 6039 0
1785079671 2 2 0 0 0 0 0 1 274 0 2 6046 0
1785080931 2 2 0 0 0 0 0 1 295 0 2 6046 0
1785082191 2 2 0 0 0 0 0 1 316 0 2 6028 0
1785083451 2 2 0 0 0 0 0 1 337 0 2 6039 0
1785084711 2 2 0 0 0 0 0 1 358 0 2 6035 0
1785085971 2 2 0 0 0 0 0 1 379 0 2 6030 0
1785086922 3 2 0 1 0 0 0 1 395 0 2 5733 0
1785087231 3 2 0 0 0 1 0 1 400 0 2 5747 0
1785088491 3 2 0 0 0 1 0 1 421 0 2 5753 0
1785089411 3 2 0 0 0 1 0 1 436 0 2 5743 0
1785089751 3 2 0 0 0 1 0 1 442 0 2 5747 0
1785090851 3 2 0 0 0 1 0 1 460 0 2 5738 0
1785091011 3 2 0 0 0 1 0 1 463 0 2 5743 0
1785092051 2 2 0 0 0 0 0 1 480 0 2 5981 0
1785092271 2 2 0 0 0 0 0 1 484 0 2 5802 0
1785093251 2 1 0 1 0 0 0 0 495 0 1 5909 0
1785093531 2 2 0 0 0 0 0 0 500 0 2 5800 0
1785094452 2 2 0 0 0 0 0 0 515 0 2 5918 0
1785094791 2 2 0 0 0 0 0 0 521 0 2 5946 0
1785095892 2 2 0 0 0 0 0 0 539 0 2 5921 0
1785096051 2 2 0 0 0 0 0 0 542 0 2 5947 0
1785096953 2 2 0 0 0 0 0 0 557 0 2 5942 0
1785097311 2 2 0 0 0 0 0 0 563 0 2 5873 0
1785098571 2 2 0 0 0 0 0 0 584 0 2 5905 0
1785099831 2 2 0 0 0 0 0 0 605 0 2 5906 0
1785101091 2 2 0 0 0 0 0 0 626 0 2 5902 0
1785102351 2 2 0 0 0 0 0 0 647 0 2 5952 0
1785103611 2 2 0 0 0 0 0 0 668 0 2 5958 0
1785104871 2 2 0 0 0 0 0 0 689 0 2 5950 0
1785106131 2 2 0 0 0 0 0 0 710 0 2 5969 0
1785107391 2 2 0 0 0 0 0 0 731 0 2 5970 0
1785108651 2 2 0 0 0 0 0 0 752 0 2 5961 0
1785109911 2 2 0 0 0 0 0 0 773 0 2 5968 0
1785111171 2 2 0 0 0 0 0 0 794 0 2 5968 0
1785112431 2 2 0 0 0 0 0 0 815 0 2 5963 0
1785113691 2 2 0 0 0 0 0 0 836 0 2 5967 0
1785114951 2 2 0 0 0 0 0 0 857 0 2 5966 0
1785116211 2 2 0 0 0 0 0 0 878 0 2 5961 0
1785117471 2 2 0 0 0 0 0 0 899 0 2 5965 0
1785118731 2 2 0 0 0 0 0 0 920 0 2 5964 0
1785119991 2 2 0 0 0 0 0 0 941 0 2 5964 0
1785121251 2 2 0 0 0 0 0 0 962 0 2 5969 0
1785122511 2 2 0 0 0 0 0 0 983 0 2 5963 0
1785123771 2 2 0 0 0 0 0 0 1004 0 2 5965 0
1785124878 2 2 0 0 0 0 0 0 1022 0 2 5962 0
1785125031 2 2 0 0 0 0 0 0 1025 0 2 5964 0
1785126078 2 2 0 0 0 0 0 0 1042 0 2 5953 0
1785126291 2 2 0 0 0 0 0 0 1046 0 2 5963 0
1785127278 2 2 0 0 0 0 0 0 1062 0 2 5957 0
1785127551 2 2 0 0 0 0 0 0 1067 0 2 5959 0
1785128478 2 2 0 0 0 0 0 0 1082 0 2 5952 0
1785128811 2 2 0 0 0 0 0 0 1088 0 2 5962 0
1785129919 2 2 0 0 0 0 0 0 1106 0 2 5960 0
1785130071 2 2 0 0 0 0 0 0 1109 0 2 5967 0
1785131119 2 2 0 0 0 0 0 0 1126 0 2 5959 0
1785131331 2 2 0 0 0 0 0 0 1130 0 2 5964 0
1785132319 2 2 0 0 0 0 0 0 1146 0 2 5950 0
1785132591 2 2 0 0 0 0 0 0 1151 0 2 5968 0
1785133519 2 2 0 0 0 0 0 0 1166 0 2 5950 0
1785133851 2 2 0 0 0 0 0 0 1172 0 2 5970 0
1785134959 2 2 0 0 0 0 0 0 1190 0 2 5952 0
1785135111 2 2 0 0 0 0 0 0 1193 0 2 5962 0
1785136160 2 2 0 0 0 0 0 0 1210 0 2 5945 0
1785136371 2 2 0 0 0 0 0 0 1214 0 2 5965 0
1785137360 2 2 0 0 0 0 0 0 1230 0 2 5959 0
1785137631 2 2 0 0 0 0 0 0 1235 0 2 5967 0
1785138560 2 2 0 0 0 0 0 0 1250 0 2 5947 0
1785138891 2 2 0 0 0 0 0 0 1256 0 2 5962 0
1785140000 3 2 0 0 0 1 0 0 1274 0 2 5487 0
1785140151 3 2 0 0 0 1 0 0 1277 0 2 5690 0
1785141201 5 1 0 2 1 1 0 0 0 0 1 5223 0
1785141411 5 2 0 1 1 1 0 0 6 0 2 5199 0
1785142401 5 2 0 2 1 0 0 0 0 0 2 5073 0
1785142671 4 2 0 1 1 0 0 1 1 0 2 5347 0
1785143601 4 3 0 0 1 0 0 1 16 0 3 5340 0
1785143931 4 3 0 0 1 0 0 1 22 0 3 5354 0
1785145041 4 3 0 0 1 0 0 1 40 0 3 5333 0
1785145191 4 3 0 0 1 0 0 1 43 0 3 5353 0
1785146242 4 3 0 0 1 0 0 1 60 0 3 5337 0
1785146451 4 3 0 0 1 0 0 1 64 0 3 5342 0
1785147442 4 3 0 0 1 0 0 1 80 0 3 5330 0
1785147711 4 3 0 0 1 0 0 1 85 0 3 5347 0
1785148642 4 2 0 1 1 0 0 0 4 0 2 5248 0
1785148971 4 2 0 1 1 0 0 0 9 0 2 5241 0
1785150082 4 3 0 0 1 0 0 0 28 0 3 5192 0
1785150231 4 3 0 0 1 0 0 0 30 0 3 5190 0
1785151283 4 2 0 1 1 0 0 0 3 0 2 5162 0
1785151491 4 2 1 0 1 0 0 0 6 0 2 5193 0
1785152483 4 2 1 0 1 0 0 0 23 0 2 5201 0
1785152751 4 2 1 0 1 0 0 0 27 0 2 5219 0
1785153683 4 2 1 0 1 0 0 0 43 0 2 5203 0
1785154011 4 2 1 0 1 0 0 0 48 0 2 5214 0
1785155123 4 2 1 0 1 0 0 0 67 0 2 5204 0
1785155271 4 2 1 0 1 0 0 0 69 0 2 5218 0
1785156323 4 2 1 0 1 0 0 0 87 0 2 5200 0
1785156531 4 2 1 0 1 0 0 0 90 0 2 5215 0
1785157524 4 2 1 0 1 0 0 0 107 0 2 5202 0
1785157791 4 2 1 0 1 0 0 0 111 0 2 5211 0
1785158724 4 2 1 0 1 0 0 0 127 0 2 5201 0
1785159051 4 2 1 0 1 0 0 0 132 0 2 5214 0
1785160164 4 2 1 0 1 0 0 0 151 0 2 5202 0
1785160311 4 2 1 0 1 0 0 0 153 0 2 5218 0
1785161364 4 2 1 0 1 0 0 0 171 0 2 5201 0
1785161571 4 2 1 0 1 0 0 0 174 0 2 5210 0
1785162565 4 2 1 0 1 0 0 0 191 0 2 5197 0
1785162831 4 2 1 0 1 0 0 0 195 0 2 5213 0
1785163765 4 2 1 0 1 0 0 0 211 0 2 5202 0
1785164091 4 2 1 0 1 0 0 0 216 0 2 5221 0
1785165205 4 3 1 0 0 0 0 0 1695 0 3 5197 0
1785165351 4 3 1 0 0 0 0 0 1697 0 3 5177 0
1785166405 4 3 1 0 0 0 0 0 1715 0 3 5202 0
1785166611 4 3 1 0 0 0 0 0 1718 0 3 5217 0
1785167606 4 3 1 0 0 0 0 0 1735 0 3 5168 0
1785167871 4 3 1 0 0 0 0 0 1739 0 3 5212 0
1785168806 4 3 1 0 0 0 0 0 1755 0 3 5164 0
1785169132 4 3 1 0 0 0 0 0 1760 0 3 5192 0
1785170246 4 3 1 0 0 0 0 0 1779 0 3 5170 0
1785170391 4 3 1 0 0 0 0 0 1781 0 3 5189 0
1785171446 4 3 1 0 0 0 0 0 1799 0 3 5161 0
1785171651 4 3 1 0 0 0 0 0 1802 0 3 5193 0
1785172646 4 3 1 0 0 0 0 0 1819 0 3 5179 0
1785172911 4 3 1 0 0 0 0 0 1823 0 3 5188 0
1785173847 4 3 1 0 0 0 0 0 1839 0 3 5179 0
1785174171 4 3 1 0 0 0 0 0 1844 0 3 5187 0
1785175287 4 2 0 2 0 0 0 0 1863 0 2 4575 0
1785175386 4 2 1 1 0 0 0 0 1864 0 2 4555 0
1785176487 3 1 0 2 0 0 0 0 0 0 1 5096 0
1785176631 3 1 0 2 0 0 0 0 0 0 1 5021 0
1785177687 3 3 0 0 0 0 0 0 13 0 3 5419 0
1785177891 3 3 0 0 0 0 0 0 16 0 3 5363 0
1785178888 3 3 0 0 0 0 0 0 33 0 3 5425 0
1785179151 3 3 0 0 0 0 0 0 37 0 3 5352 0
1785180088 3 3 0 0 0 0 0 0 53 0 3 5431 0
1785180351 3 3 0 0 0 0 0 0 57 0 3 5432 0
1785181288 3 3 0 0 0 0 0 0 73 0 3 5433 0
1785181611 3 3 0 0 0 0 0 0 78 0 3 5439 0
1785182871 3 3 0 0 0 0 0 0 99 0 3 5439 0
1785184131 3 3 0 0 0 0 0 0 120 0 3 5431 0
1785185391 3 3 0 0 0 0 0 0 141 0 3 5342 0
1785186322 4 3 0 1 0 0 0 0 156 0 3 5182 0
1785339440 1 1 0 0 0 0 0 1 0 0 1 6256 0
1785340247 1 0 0 0 0 1 0 0 0 0 0 5976 0
1785341306 1 0 0 0 0 1 0 0 0 0 0 6068 0
1785341451 1 0 0 0 0 1 0 0 0 0 0 6070 0
1785342506 2 1 0 0 0 1 0 0 4 0 1 5837 0
1785342711 2 1 0 0 0 1 0 0 7 0 1 5843 0
1785343707 2 1 0 0 0 1 0 0 24 0 1 5840 0
1785343971 2 1 0 0 0 1 0 0 28 0 1 5843 0
1785344907 2 1 0 0 0 1 0 0 44 0 1 5835 0
1785345231 2 1 0 0 0 1 0 0 49 0 1 5845 0
1785346347 2 2 0 0 0 0 0 0 68 0 2 5560 0
1785346491 2 2 0 0 0 0 0 0 70 0 2 5568 0
1785347547 2 2 0 0 0 0 0 0 88 0 2 5564 0
1785347751 2 2 0 0 0 0 0 0 91 0 2 5474 0
1785348748 2 2 0 0 0 0 0 0 108 0 2 5566 0
1785349011 2 2 0 0 0 0 0 0 112 0 2 5534 0
1785349948 2 2 0 0 0 0 0 0 128 0 2 5563 0
1785350251 2 2 0 0 0 0 0 0 133 0 2 5485 0
1785351388 2 2 0 0 0 0 0 0 152 0 2 5565 0
1785351471 2 2 0 0 0 0 0 0 153 0 2 5574 0
1785352588 2 2 0 0 0 0 0 0 172 0 2 5566 0
1785352731 2 2 0 0 0 0 0 0 174 0 2 5491 0
1785353788 2 2 0 0 0 0 0 0 192 0 2 5563 0
1785353987 2 2 0 0 0 0 0 0 195 0 2 5479 0
1785354989 2 2 0 0 0 0 0 0 212 0 2 5561 0
1785355191 2 2 0 0 0 0 0 0 215 0 2 5572 0
1785356451 2 2 0 0 0 0 0 0 236 0 2 5574 0
1785357711 2 2 0 0 0 0 0 0 257 0 2 5567 0
1785358971 2 2 0 0 0 0 0 0 278 0 2 5482 0
1785360231 2 2 0 0 0 0 0 0 299 0 2 5565 0
1785361464 2 2 0 0 0 0 0 0 320 0 2 5476 0
1785362691 2 2 0 0 0 0 0 0 340 0 2 5559 0
1785363951 2 2 0 0 0 0 0 0 361 0 2 5478 0
1785365190 2 2 0 0 0 0 0 0 382 0 2 5480 0
1785366411 2 2 0 0 0 0 0 0 402 0 2 5563 0
1785367671 2 2 0 0 0 0 0 0 423 0 2 5559 0
1785368922 2 2 0 0 0 0 0 0 444 0 2 5478 0
1785370131 2 2 0 0 0 0 0 0 464 0 2 5553 0
1785371391 2 2 0 0 0 0 0 0 485 0 2 5562 0
1785372651 2 2 0 0 0 0 0 0 506 0 2 5560 0
1785373905 2 2 0 0 0 0 0 0 527 0 2 5470 0
1785375111 2 2 0 0 0 0 0 0 547 0 2 5559 0
1785376371 2 2 0 0 0 0 0 0 568 0 2 5559 0
1785377631 2 2 0 0 0 0 0 0 589 0 2 5554 0
1785378891 2 2 0 0 0 0 0 0 610 0 2 5474 0
1785380134 2 2 0 0 0 0 0 0 631 0 2 5471 0
1785381351 2 2 0 0 0 0 0 0 651 0 2 5553 0
1785382611 2 2 0 0 0 0 0 0 672 0 2 5551 0
1785383871 2 2 0 0 0 0 0 0 693 0 2 5480 0
1785384994 2 2 0 0 0 0 0 0 712 0 2 5542 0
1785385127 2 2 0 0 0 0 0 0 714 0 2 5461 0
1785386194 2 2 0 0 0 0 0 0 732 0 2 5541 0
1785386331 2 2 0 0 0 0 0 0 734 0 2 5552 0
1785387395 2 2 0 0 0 0 0 0 752 0 2 5541 0
1785387591 2 2 0 0 0 0 0 0 755 0 2 5547 0
1785388595 2 2 0 0 0 0 0 0 772 0 2 5542 0
1785388851 2 2 0 0 0 0 0 0 776 0 2 5542 0
1785389795 2 2 0 0 0 0 0 0 792 0 2 5541 0
1785390111 2 2 0 0 0 0 0 0 797 0 2 5465 0
1785391235 1 1 0 0 0 0 0 0 7 0 1 5784 0
1785391371 1 1 0 0 0 0 0 0 9 0 1 5788 0
1785392436 1 1 0 0 0 0 0 0 27 0 1 5781 0
1785392604 1 1 0 0 0 0 0 0 29 0 1 5697 0
1785393636 1 1 0 0 0 0 0 0 47 0 1 5781 0
1785393831 1 1 0 0 0 0 0 0 50 0 1 5789 0
1785394836 1 1 0 0 0 0 0 0 67 0 1 5784 0
1785395091 1 1 0 0 0 0 0 0 71 0 1 5706 0
1785396036 1 1 0 0 0 0 0 0 87 0 1 5786 0
1785396349 1 1 0 0 0 0 0 0 92 0 1 5703 0
1785397476 1 1 0 0 0 0 0 0 111 0 1 5791 0
1785397551 1 1 0 0 0 0 0 0 112 0 1 5797 0
1785398677 1 1 0 0 0 0 0 0 131 0 1 5789 0
1785398811 1 1 0 0 0 0 0 0 133 0 1 5796 0
1785399877 1 1 0 0 0 0 0 0 147 0 1 6716 0
1785400071 1 0 0 0 0 1 0 0 0 0 0 6450 0
1785401077 1 0 0 0 0 1 0 0 0 0 0 6472 0
1785401331 1 0 0 0 0 1 0 0 0 0 0 6403 0
1785402277 1 0 0 0 0 1 0 0 0 0 0 6480 0
1785402591 1 0 0 0 0 1 0 0 0 0 0 6399 0
1785403718 1 0 0 0 0 1 0 0 0 0 0 6480 0
1785403842 1 0 0 0 0 1 0 0 0 0 0 6378 0
1785404918 1 0 0 0 0 1 0 0 0 0 0 6475 0
1785405051 1 0 0 0 0 1 0 0 0 0 0 6483 0
1785406118 1 0 0 0 0 1 0 0 0 0 0 6474 0
1785406311 1 0 0 0 0 1 0 0 0 0 0 6486 0
1785407318 1 0 0 0 0 1 0 0 0 0 0 6473 0
1785407571 1 0 0 0 0 1 0 0 0 0 0 6390 0
1785408518 1 0 0 0 0 1 0 0 0 0 0 6466 0
1785408823 1 0 0 0 0 1 0 0 0 0 0 6403 0
1785409959 1 0 0 0 0 1 0 0 0 0 0 6475 0
1785410031 1 0 0 0 0 1 0 0 0 0 0 6481 0
1785411159 1 0 0 0 0 1 0 0 0 0 0 6475 0
1785411291 1 0 0 0 0 1 0 0 0 0 0 6470 0
1785412359 1 0 0 0 0 1 0 0 0 0 0 6476 0
1785412551 1 0 0 0 0 1 0 0 0 0 0 6482 0
1785413559 1 0 0 0 0 1 0 0 0 0 0 6473 0
1785413757 1 0 0 0 0 1 0 0 0 0 0 6467 0
1785414760 1 0 0 0 0 1 0 0 0 0 0 6471 0
1785415011 1 0 0 0 0 1 0 0 0 0 0 6465 0
1785415960 1 0 0 0 0 1 0 0 0 0 0 6475 0
1785416271 1 0 0 0 0 1 0 0 0 0 0 6480 0
1785417400 1 0 0 0 0 1 0 0 0 0 0 6447 0
1785417531 1 0 0 0 0 1 0 0 0 0 0 6473 0
1785418600 1 0 0 0 0 1 0 0 0 0 0 6449 0
1785418791 1 0 0 0 0 1 0 0 0 0 0 6446 0
1785419800 1 0 0 0 0 1 0 0 0 0 0 6452 0
1785420051 1 0 0 0 0 1 0 0 0 0 0 6448 0
1785421001 1 0 0 0 0 1 0 0 0 0 0 6473 0
1785421311 1 0 0 0 0 1 0 0 0 0 0 6389 0
1785422441 1 0 0 0 0 1 0 0 0 0 0 6227 0
1785422556 3 0 0 2 0 1 0 0 0 0 0 5836 0
1785423641 3 1 0 0 0 2 0 0 12 0 1 5943 0
1785423771 3 1 0 0 0 2 0 0 15 0 1 5951 0
1785424841 3 1 0 0 0 2 0 0 32 0 1 5950 0
1785425031 3 1 0 0 0 2 0 0 36 0 1 5957 0
1785426042 4 1 0 0 0 3 0 0 52 0 1 5658 0
1785426291 4 1 0 0 0 3 0 0 57 0 1 5656 0
1785427242 3 2 0 0 0 1 0 1 3 0 2 5888 0
1785427551 3 2 0 0 0 1 0 1 8 0 2 5894 0
1785428682 3 2 0 0 0 1 0 0 8 0 2 5830 0
1785428811 3 2 0 0 0 1 0 0 10 0 2 5751 0
1785429882 3 1 0 1 0 1 0 0 28 0 1 5805 0
1785430057 3 1 0 1 0 1 0 0 31 0 1 5721 0
1785431083 3 0 0 2 0 1 0 0 0 0 0 5748 0
1785431271 3 0 0 2 0 1 0 0 0 0 0 5718 0
1785432283 3 2 0 0 0 1 0 0 13 0 2 5731 0
1785432531 3 2 0 0 0 1 0 0 17 0 2 5738 0
1785433483 3 1 0 1 0 1 0 0 33 0 1 5732 0
1785433791 3 2 0 0 0 1 0 0 38 0 2 5686 0
1785434923 3 2 0 0 0 1 0 0 57 0 2 5671 0
1785435051 3 2 0 0 0 1 0 0 59 0 2 5600 0
1785436034 3 2 0 0 0 1 0 0 73 0 2 5651 0
1785436279 3 2 0 0 0 1 0 0 79 0 2 5659 0
1785437264 3 2 0 0 0 1 0 0 96 0 2 5661 0
1785437511 3 2 0 0 0 1 0 0 100 0 2 5676 0
1785438464 3 2 0 0 0 1 0 0 116 0 2 5667 0
1785438771 3 2 0 0 0 1 0 0 121 0 2 5657 0
1785439830 3 2 0 0 0 1 0 0 138 0 2 5675 0
1785440031 3 2 0 0 0 1 0 0 142 0 2 5675 0
1785441105 3 2 0 0 0 1 0 0 160 0 2 5666 0
1785441291 3 2 0 0 0 1 0 0 163 0 2 5659 0
1785442546 3 2 0 0 0 1 0 0 184 0 2 5593 0
1785443751 3 2 0 0 0 1 0 0 204 0 2 5661 0
1785445011 3 2 0 0 0 1 0 0 225 0 2 5672 0
1785446271 3 2 0 0 0 1 0 0 246 0 2 5665 0
1785447531 3 2 0 0 0 1 0 0 267 0 2 5676 0
1785448791 3 2 0 0 0 1 0 0 288 0 2 5674 0
1785450051 3 2 0 0 0 1 0 0 309 0 2 5588 0
1785451299 3 2 0 0 0 1 0 0 329 0 2 5589 0
1785452511 3 2 0 0 0 1 0 0 350 0 2 5665 0
1785453771 3 2 0 0 0 1 0 0 371 0 2 5669 0
1785455028 3 2 0 0 0 1 0 0 392 0 2 5583 0
1785456231 3 2 0 0 0 1 0 0 412 0 2 5651 0
1785457491 3 2 0 0 0 1 0 0 433 0 2 5666 0
1785458751 3 2 0 0 0 1 0 0 454 0 2 5663 0
1785460011 3 2 0 0 0 1 0 0 475 0 2 5563 0
1785461257 3 2 0 0 0 1 0 0 495 0 2 5579 0
1785462471 3 2 0 0 0 1 0 0 516 0 2 5660 0
1785463731 3 2 0 0 0 1 0 0 537 0 2 5660 0
1785464991 3 2 0 0 0 1 0 0 558 0 2 5643 0
1785466251 3 2 0 0 0 1 0 0 579 0 2 5564 0
1785467511 3 2 0 0 0 1 0 0 600 0 2 5650 0
1785468771 3 2 0 0 0 1 0 0 621 0 2 5648 0
1785469971 3 2 0 0 0 1 0 0 641 0 2 5645 0
1785471110 3 2 0 0 0 1 0 0 660 0 2 5639 0
1785471222 3 2 0 0 0 1 0 0 662 0 2 5562 0
1785472310 3 2 0 0 0 1 0 0 680 0 2 5640 0
1785472431 3 2 0 0 0 1 0 0 682 0 2 5648 0
1785473510 3 2 0 0 0 1 0 0 700 0 2 5641 0
1785473691 3 1 0 1 0 1 0 0 703 0 1 5670 0
1785474711 3 1 0 0 0 2 0 0 720 0 1 5683 0
1785474951 3 1 0 0 0 2 0 0 724 0 1 5694 0
1785475911 3 1 0 0 0 2 0 0 740 0 1 5684 0
1785476181 3 1 0 0 0 2 0 0 744 0 1 5681 0
1785477111 3 1 0 0 0 2 0 0 760 0 1 5683 0
1785477411 3 1 0 0 0 2 0 0 765 0 1 5691 0
1785478311 3 1 0 0 0 2 0 0 780 0 1 5681 0
1785478671 3 1 0 0 0 2 0 0 786 0 1 5690 0
1785479751 3 1 0 0 0 2 0 0 804 0 1 5684 0
1785479921 4 1 0 0 0 3 0 0 807 0 1 5465 0
1785480952 4 1 0 0 0 3 0 0 824 0 1 5488 0
1785481131 4 1 0 0 0 3 0 0 827 0 1 5496 0
1785482152 4 1 0 0 0 3 0 0 844 0 1 5485 0
1785482331 4 1 0 0 0 3 0 0 847 0 1 5500 0
1785483352 4 1 0 0 0 3 0 0 864 0 1 5490 0
1785483591 4 1 0 0 0 3 0 0 868 0 1 5497 0
1785484552 4 1 0 0 0 3 0 0 884 0 1 5475 0
1785484851 4 1 0 0 0 3 0 0 889 0 1 5495 0
1785485752 4 1 0 0 0 3 0 0 904 0 1 5475 0
1785486111 4 1 0 0 0 3 0 0 910 0 1 5494 0
1785487192 4 1 0 0 0 3 0 0 928 0 1 5479 0
1785487371 4 1 0 0 0 3 0 0 931 0 1 5488 0
1785488393 4 1 0 0 0 3 0 0 948 0 1 5479 0
1785488631 4 1 0 0 0 3 0 0 952 0 1 5488 0
1785489593 4 1 0 0 0 3 0 0 968 0 1 5477 0
1785489891 4 1 0 0 0 3 0 0 973 0 1 5477 0
1785490793 4 1 0 0 0 3 0 0 988 0 1 5463 0
1785491151 4 1 0 0 0 3 0 0 994 0 1 5484 0
1785492053 4 1 0 0 0 3 0 0 1008 0 1 5473 0
1785492411 4 1 0 0 0 3 0 0 1015 0 1 5488 0
1785493434 4 1 0 0 0 3 0 0 1032 0 1 5476 0
1785493671 4 1 0 0 0 3 0 0 1036 0 1 5398 0
1785494634 4 1 0 0 0 3 0 0 1052 0 1 5479 0
1785494914 4 1 0 0 0 3 0 0 1056 0 1 5399 0
1785495834 4 1 0 0 0 3 0 0 1072 0 1 5479 0
1785496131 4 1 0 0 0 3 0 0 1077 0 1 5485 0
1785497034 4 1 0 0 0 3 0 0 1092 0 1 5474 0
1785497391 4 1 0 0 0 3 0 0 1098 0 1 5481 0
1785498414 4 1 0 0 0 3 0 0 1115 0 1 5370 0
1785498651 4 1 0 0 0 3 0 0 1119 0 1 5297 0
1785499675 4 1 0 0 0 3 0 0 1136 0 1 5384 0
1785499901 4 1 0 0 0 3 0 0 1140 0 1 5295 0
1785500875 4 1 0 0 0 3 0 0 1156 0 1 5386 0
1785501111 4 1 0 1 0 2 0 0 1160 0 1 5365 0
1785502075 4 1 0 0 0 3 0 0 1176 0 1 5340 0
1785502371 4 1 0 0 0 3 0 0 1181 0 1 5308 0
1785503275 4 1 0 0 0 3 0 0 1196 0 1 5294 0
1785503631 4 1 0 0 0 3 0 0 1202 0 1 5307 0
1785504716 4 1 0 0 0 3 0 0 1220 0 1 5254 0
1785504891 4 1 0 0 0 3 0 0 1223 0 1 5176 0
1785505916 4 1 0 0 0 3 0 0 1240 0 1 5248 0
1785506137 4 1 0 0 0 3 0 0 1243 0 1 5171 0
1785507116 4 1 0 0 0 3 0 0 1260 0 1 5246 0
1785507351 4 1 0 0 0 3 0 0 1264 0 1 5261 0
1785508316 4 1 0 0 0 3 0 0 1280 0 1 5245 0
1785508611 5 1 0 1 0 3 0 0 1285 0 1 4991 0
1785509516 5 1 0 2 0 2 0 0 1300 0 1 4957 0
1785509872 5 1 0 0 0 4 0 0 1306 0 1 4974 0
1785510837 5 1 0 0 0 4 0 0 1322 0 1 4929 0
1785511131 5 1 0 0 0 4 0 0 1327 0 1 4934 0
1785512157 5 1 0 0 0 4 0 0 1344 0 1 4933 0
1785512391 5 1 0 0 0 4 0 0 1348 0 1 4909 0
1785513477 5 1 0 0 0 4 0 0 1366 0 1 4935 0
1785513624 5 1 0 0 0 4 0 0 1368 0 1 4937 0
1785514797 5 1 0 0 0 4 0 0 1388 0 1 4936 0
1785514824 5 1 0 0 0 4 0 0 1388 0 1 4942 0
1785516024 5 1 0 0 0 4 0 0 1408 0 1 4937 0
1785517224 5 1 0 0 0 4 0 0 1428 0 1 4929 0
1785518424 5 1 0 0 0 4 0 0 1448 0 1 4936 0
1785519418 5 1 0 0 0 4 0 0 1465 0 1 4919 0
1785519651 5 1 0 0 0 4 0 0 1469 0 1 4938 0
1785520738 5 1 0 0 0 4 0 0 1487 0 1 4928 0
1785520912 5 1 0 0 0 4 0 0 1490 0 1 4913 0
1785522058 5 1 0 0 0 4 0 0 1509 0 1 4925 0
1785522171 5 1 0 0 0 4 0 0 1511 0 1 4924 0
1785523379 5 1 0 0 0 4 0 0 1531 0 1 4923 0
1785523431 5 1 0 0 0 4 0 0 1532 0 1 4927 0
1785524692 5 1 0 0 0 4 0 0 1553 0 1 4925 0
1785525924 5 1 0 0 0 4 0 0 1573 0 1 4938 0
1785527124 5 1 0 0 0 4 0 0 1593 0 1 4930 0
1785528324 5 1 0 0 0 4 0 0 1613 0 1 4927 0
1785529320 5 1 0 0 0 4 0 0 1630 0 1 4919 0
1785529524 5 1 0 0 0 4 0 0 1633 0 1 4931 0
1785530640 5 1 0 0 0 4 0 0 1652 0 1 4916 0
1785530724 5 1 0 0 0 4 0 0 1653 0 1 4916 0
1785531952 5 1 0 0 0 4 0 0 1674 0 1 4927 0
1785533211 5 1 0 0 0 4 0 0 1695 0 1 4922 0
1785534471 5 1 0 0 0 4 0 0 1716 0 1 4929 0
1785535732 5 1 0 0 0 4 0 0 1737 0 1 4924 0
1785536991 5 1 0 0 0 4 0 0 1758 0 1 4936 0
1785537901 5 1 0 0 0 4 0 0 1773 0 1 4928 0
1785538224 5 1 0 0 0 4 0 0 1778 0 1 4940 0
1785539221 5 1 0 0 0 4 0 0 1795 0 1 4925 0
1785539424 5 1 0 0 0 4 0 0 1798 0 1 4930 0
1785540542 5 1 0 0 0 4 0 0 1817 0 1 4911 0
1785540624 5 1 0 0 0 4 0 0 1818 0 1 4917 0
1785541824 5 1 0 0 0 4 0 0 1838 0 1 4921 0
1785543024 5 1 0 0 0 4 0 0 1858 0 1 4920 0
1785544224 5 1 0 0 0 4 0 0 1878 0 1 4928 0
1785545163 5 1 0 0 0 4 0 0 1894 0 1 4927 0
1785545427 5 1 0 0 0 4 0 0 1898 0 1 4858 0
1785546483 5 1 0 0 0 4 0 0 1916 0 1 4926 0
1785546651 5 1 0 0 0 4 0 0 1919 0 1 4927 0
1785547803 5 1 0 0 0 4 0 0 1938 0 1 4929 0
1785547911 5 1 0 0 0 4 0 0 1940 0 1 4912 0
1785549123 5 1 0 0 0 4 0 0 1960 0 1 4926 0
1785549163 5 1 0 0 0 4 0 0 1961 0 1 4840 0
1785550371 5 1 0 0 0 4 0 0 1981 0 1 4928 0
1785551631 5 1 0 0 0 4 0 0 2002 0 1 4932 0
1785552891 5 1 0 0 0 4 0 0 2023 0 1 4845 0
1785554124 5 1 0 0 0 4 0 0 2043 0 1 4930 0
1785555064 5 1 0 0 0 4 0 0 2059 0 1 4927 0
1785555324 5 1 0 0 0 4 0 0 2063 0 1 4933 0
1785556385 5 1 0 0 0 4 0 0 2081 0 1 4921 0
1785556524 5 1 0 0 0 4 0 0 2083 0 1 4924 0
1785557724 5 1 0 0 0 4 0 0 2103 0 1 4925 0
1785558924 5 1 0 0 0 4 0 0 2123 0 1 4925 0
1785560151 5 1 0 0 0 4 0 0 2144 0 1 4930 0
1785561411 5 1 0 0 0 4 0 0 2165 0 1 4930 0
1785562671 5 1 0 0 0 4 0 0 2186 0 1 4927 0
1785563931 5 1 0 0 0 4 0 0 2207 0 1 4928 0
1785565191 5 1 0 0 0 4 0 0 2228 0 1 4926 0
1785566424 5 1 0 0 0 4 0 0 2248 0 1 4925 0
1785567624 5 1 0 0 0 4 0 0 2268 0 1 4932 0
1785568824 5 1 0 0 0 4 0 0 2288 0 1 4931 0
1785570024 5 1 0 0 0 4 0 0 2308 0 1 4934 0
1785571251 5 1 0 0 0 4 0 0 2329 0 1 4928 0
1785572511 5 1 0 0 0 4 0 0 2350 0 1 4930 0
1785573771 5 1 0 0 0 4 0 0 2371 0 1 4924 0
1785575031 5 1 0 0 0 4 0 0 2392 0 1 4916 0
1785576292 5 1 0 0 0 4 0 0 2413 0 1 4930 0
1785577492 5 1 0 0 0 4 0 0 2433 0 1 4925 0
1785578724 5 1 0 0 0 4 0 0 2453 0 1 4932 0
1785579924 5 1 0 0 0 4 0 0 2473 0 1 4932 0
1785581124 5 1 0 0 0 4 0 0 2493 0 1 4921 0
